  401210     2628 Code                ABERROR_TEXT
  403838      1B1 Code                ABFILE_TEXT
  4039EC      159 Code                ABFUZZY_TEXT
  403B48       91 Code                ABRESIZE_TEXT
  403BDC      133 Code                ABTOOLBA_TEXT
  403D10     19B4 Code                ABUTIL_TEXT
  4056C4     1A6A Code                ABWINDOW_TEXT
  407130       7C Code                CWSYNCHC_TEXT
  4071AC      267 Code                GERAC001_TEXT
  407414      C98 Code                GERAC002_TEXT
  4080AC      3F6 Code                GERAC003_TEXT
  4084A4      C8A Code                GERAC004_TEXT
  409130      C46 Code                GERAC005_TEXT
  409D78      C8A Code                GERAC006_TEXT
  40AA04        9 Code                GERACBC0_TEXT
  40AA10       13 Code                GERACBC_TEXT
  40AA24       F8 Code                GERACHAVE_TEXT
  40AB1C       2D Code                IEXE32_TEXT
  40AB4C      266 Code                INIT_TEXT
  40ADB4        D Code                INST00_TEXT
  40B000       2A Initialized Data    ABEIP_CONST
  40B02C       3C Initialized Data    ABEIP_DATA
  40B068      1B4 Initialized Data    ABERROR_CONST
  40B21C     1CEC Initialized Data    ABERROR_DATA
  40CF08        0 Initialized Data    ABFILE_CONST
  40CF08      147 Initialized Data    ABFILE_DATA
  40D050       B4 Initialized Data    ABFUZZY_DATA
  40D104       4C Initialized Data    ABTOOLBA_DATA
  40D150       FA Initialized Data    ABUTIL_CONST
  40D24C       E7 Initialized Data    ABUTIL_DATA
  40D334        C Initialized Data    ABWINDOW_CONST
  40D340       3F Initialized Data    ABWINDOW_DATA
  40D380       48 Initialized Data    CWSYNCHC_DATA
  40D3C8       2B Initialized Data    GERAC001_CONST
  40D3F4      28C Initialized Data    GERAC001_DATA
  40D680       18 Initialized Data    GERAC002_CONST
  40D698       43 Initialized Data    GERAC003_CONST
  40D6DC      28C Initialized Data    GERAC003_DATA
  40D968       18 Initialized Data    GERAC004_CONST
  40D980       18 Initialized Data    GERAC005_CONST
  40D998       18 Initialized Data    GERAC006_CONST
  40D9B0        D Initialized Data    GERACHAVE_CONST
  40D9C0       1C Initialized Data    GERACHAVE_DATA
  40D9DC       3C Initialized Data    IEXE32_DATA
  40DA18        0 Initialized Data    __CPPINI_CONS
  40DA18      268 Initialized Data    __CPPINI_CONST
  40DC80        4 Initialized Data    __CPPINI_END
  40DC84        0 Initialized Data    __INIVMT_CONS
  40DC84       70 Initialized Data    __INIVMT_CONST
  40DCF4        0 Initialized Data    __INIVMT_CONST_END
  40DD00       40 Un-initialized Data ABEIP_BSS
  40DD40      404 Un-initialized Data ABERROR_BSS
  40E144       10 Un-initialized Data ABFILE_BSS
  40E154        4 Un-initialized Data ABFUZZY_BSS
  40E158      104 Un-initialized Data ABUTIL_BSS
  40E25C     1778 Un-initialized Data GERACHAVE_BSS
  410000        8 __T_L_S__DAT
  410008       98 __T_L_S__DATA
  4100A0        0 __T_L_S__DATA_END
  4100A0        0 __T_L_S__BS
  4100A0     103C __T_L_S__BSS
  4110DC        0 __T_L_S__BSS_END

  401210 REPLACE@FsbsbRsc
  40132C KILL_@_WINDOWCOMPONENT_@_HISTHANDLERCLASS@F15WINDOWCOMPONENT
  401330 RESET_@_WINDOWCOMPONENT_@_HISTHANDLERCLASS@F15WINDOWCOMPONENTUc
  401334 RESETREQUIRED_@_WINDOWCOMPONENT_@_HISTHANDLERCLASS@F15WINDOWCOMPONENT
  401338 SETALERTS_@_WINDOWCOMPONENT_@_HISTHANDLERCLASS@F15WINDOWCOMPONENT
  40133C TAKEEVENT_@_WINDOWCOMPONENT_@_HISTHANDLERCLASS@F15WINDOWCOMPONENT
  401344 UPDATE_@_WINDOWCOMPONENT_@_HISTHANDLERCLASS@F15WINDOWCOMPONENT
  401348 UPDATEWINDOW_@_WINDOWCOMPONENT_@_HISTHANDLERCLASS@F15WINDOWCOMPONENT
  40135C VLBPROC@F16HISTHANDLERCLASSls
  401408 TAKEEVENT@F16HISTHANDLERCLASS
  4014D0 INIT@F16HISTHANDLERCLASSBw10ERRORCLASS16ERRORHISTORYLIST
  4014DC _VLBPROC@F16HISTHANDLERCLASSls
  4014EC TAKEACCEPTED@F11MSGBOXCLASS
  401528 SETUPADDITIONALFEQS@F11MSGBOXCLASS
  4015B0 KILL@F11MSGBOXCLASS
  4015F0 INIT@F11MSGBOXCLASS
  4018A0 INIT@F11MSGBOXCLASSBw10ERRORCLASSOsbllll
  401938 FETCHSTDBUTTON@F11MSGBOXCLASSs
  40196C GETALLSTATUSVARIABLES@F10ERRORCLASS16ERRORSTATUSGROUP
  40199C GETERRORBUFFERFATALITY@F10ERRORCLASS
  4019CC GETERRORBUFFERTITLE@F10ERRORCLASS
  401A04 GETERRORBUFFERID@F10ERRORCLASS
  401A28 STOREERRORENTRY@F10ERRORCLASSUs
  401B58 GETHISTORYRESETONVIEW@F10ERRORCLASS
  401BA4 SETHISTORYRESETONVIEW@F10ERRORCLASSUc
  401BEC GETHISTORYVIEWLEVEL@F10ERRORCLASS
  401C38 SETHISTORYVIEWLEVEL@F10ERRORCLASSl
  401C80 GETHISTORYTHRESHOLD@F10ERRORCLASS
  401CCC SETHISTORYTHRESHOLD@F10ERRORCLASSl
  401D14 GETLOGERRORS@F10ERRORCLASS
  401D60 GETSILENT@F10ERRORCLASS
  401DAC SETDEFAULTCATEGORY@F10ERRORCLASSsa
  401DF4 GETDEFAULTCATEGORY@F10ERRORCLASS
  401E40 VIEWHISTORY@F10ERRORCLASS
  401E6C THROW@F10ERRORCLASSs
  401E80 TAKEUSER@F10ERRORCLASS
  401EDC TAKEPROGRAM@F10ERRORCLASS
  401EE4 TAKEOTHER@F10ERRORCLASS
  401EEC TAKENOTIFY@F10ERRORCLASS
  401F38 TAKEFATAL@F10ERRORCLASS
  401FC4 TAKEERROR@F10ERRORCLASSs
  4021C8 TAKEBENIGN@F10ERRORCLASS
  4021CC SUBSSTRING@F10ERRORCLASS
  402578 SETPROCEDURENAME@F10ERRORCLASSOsb
  402628 GETERRORENTRY@F10ERRORCLASSUs15ERRORENTRYGROUPl
  4026CC GETERRORENTRY@F10ERRORCLASSUs15ERRORENTRYGROUP
  402700 SETID@F10ERRORCLASSUsl
  402738 SETID@F10ERRORCLASSUs
  402754 SETERRORS@F10ERRORCLASS
  4027D8 SETERRORLOG@F10ERRORCLASS17ERRORLOGINTERFACE
  402878 SETCATEGORY@F10ERRORCLASSssa
  4028C4 RESETHISTORY@F10ERRORCLASS
  4028E8 REMOVEERROR@F10ERRORCLASSUs
  402928 MESSAGEBOX@F10ERRORCLASSUcsbOsbOsblll
  4029C0 MSG@F10ERRORCLASSsbOsbOsblll
  402CF8 MESSAGE@F10ERRORCLASSsll
  402D5C KILL@F10ERRORCLASS
  402E00 INIT@F10ERRORCLASS16ERRORSTATUSCLASS
  402E5C INIT@F10ERRORCLASS
  402F30 HISTORYMSG@F10ERRORCLASSsblll
  4030D8 GETPROCEDURENAME@F10ERRORCLASS
  4031AC GETCATEGORY@F10ERRORCLASSs
  403230 ADDHISTORY@F10ERRORCLASS
  40325C ADDERRORS@F10ERRORCLASS10ERRORBLOCK
  403408 ADDERROR@F10ERRORCLASSUsRsbRsbUcsa
  4034B4 DESTRUCT@F10ERRORCLASS
  4034CC CONSTRUCT@F10ERRORCLASS
  4034E0 DESTRUCT@F16ERRORSTATUSCLASS
  403514 CONSTRUCT@F16ERRORSTATUSCLASS
  40364C CLOSE_@_ERRORLOGINTERFACE_@_STANDARDERRORLOGCLASS@F17ERRORLOGINTERFACEUc
  403654 OPEN_@_ERRORLOGINTERFACE_@_STANDARDERRORLOGCLASS@F17ERRORLOGINTERFACEUc
  40365C TAKE_@_ERRORLOGINTERFACE_@_STANDARDERRORLOGCLASS@F17ERRORLOGINTERFACEsb
  403700 CLOSE@F21STANDARDERRORLOGCLASSUc
  40377C OPEN@F21STANDARDERRORLOGCLASSUc
  403824 DESTRUCT@F21STANDARDERRORLOGCLASS
  403830 CONSTRUCT@F21STANDARDERRORLOGCLASS
  403838 DESTRUCT@F12FILESMANAGER
  403878 CONSTRUCT@F12FILESMANAGER
  4038C4 TRYREGET@F11FILEMANAGERsb
  40396C POSITION@F11FILEMANAGER
  4039EC SETOPTION@F10FUZZYCLASSUcUc
  403A50 KILL@F10FUZZYCLASS
  403A54 INIT@F10FUZZYCLASS
  403A68 CONSTRUCT@F10FUZZYCLASS
  403B48 TAKERESIZE@F17WINDOWRESIZECLASS
  403B50 KILL@F17WINDOWRESIZECLASS
  403BDC TAKEEVENT@F12TOOLBARCLASSPl13WINDOWMANAGER
  403C08 SETTARGET@F12TOOLBARCLASSl
  403CB0 KILL@F12TOOLBARCLASS
  403CC8 INIT@F12TOOLBARCLASS
  403CE8 DISPLAYBUTTONS@F12TOOLBARCLASS
  403D10 UPDATEQUEUE@F8INICLASSsbsbBqRuPuPuPu
  403F34 UPDATE@F8INICLASSsbsbsb
  403FF0 UPDATE@F8INICLASSsbBw
  4041D0 UPDATE@F8INICLASS
  4041D4 TRYFETCH@F8INICLASSsbsb
  40424C REMOVE@F8INICLASSsbsb
  4043B4 KILL@F8INICLASS
  4044EC INIT@F8INICLASSsbll
  404604 FETCHQUEUE@F8INICLASSsbsbBqRuPuPuPu
  404878 FETCHFIELD@F8INICLASSsbsbUc
  4049B8 FETCH@F8INICLASSsbsbRu
  404A7C FETCH@F8INICLASSsbBw
  404CDC FETCH@F8INICLASSsbsb
  404DB4 FETCH@F8INICLASS
  404DB8 UPDATEWINDOWINFO@F8INICLASSsb10WINDOWINFO
  405014 FETCHWINDOWINFO@F8INICLASSsb10WINDOWINFO
  40528C UPDATE@F8INICLASSsbsbsbsb
  405478 FETCH@F8INICLASSsbsbsbsb
  40569C DESTRUCT@F8INICLASS
  4056B4 CONSTRUCT@F8INICLASS
  4056C4 SAVEONINSERTACTION@F13WINDOWMANAGER
  40576C SAVEONCHANGEACTION@F13WINDOWMANAGER
  405884 DELETEACTION@F13WINDOWMANAGER
  405A40 CHANGEACTION@F13WINDOWMANAGER
  405DB0 INSERTACTION@F13WINDOWMANAGER
  405FA4 TAKEDISABLEBUTTON@F13WINDOWMANAGERlUc
  405FCC UPDATE@F13WINDOWMANAGER
  406008 TAKEWINDOWEVENT@F13WINDOWMANAGER
  406144 TAKESELECTED@F13WINDOWMANAGER
  406148 TAKEREJECTED@F13WINDOWMANAGER
  406184 TAKENOTIFY@F13WINDOWMANAGERlll
  406188 TAKENEWSELECTION@F13WINDOWMANAGER
  406208 TAKEFIELDEVENT@F13WINDOWMANAGER
  40620C TAKEEVENT@F13WINDOWMANAGER
  4063B4 TAKECLOSEEVENT@F13WINDOWMANAGER
  406558 TAKECOMPLETED@F13WINDOWMANAGER
  406630 TAKEACCEPTED@F13WINDOWMANAGER
  40671C SETRESPONSE@F13WINDOWMANAGERUc
  406768 SETALERTS@F13WINDOWMANAGER
  406818 SAVEHISTORY@F13WINDOWMANAGER
  4068C0 RUN@F13WINDOWMANAGERUsUc
  4068C4 RUN@F13WINDOWMANAGER
  406910 RESTOREFIELD@F13WINDOWMANAGERl
  406AB8 RESETBUFFERS@F13WINDOWMANAGERUc
  406B18 RESET@F13WINDOWMANAGERUc
  406BA0 PRIMEUPDATE@F13WINDOWMANAGER
  406CE4 PRIMEFIELDS@F13WINDOWMANAGER
  406CE8 POSTCOMPLETED@F13WINDOWMANAGER
  406D80 OPEN@F13WINDOWMANAGERBwBw
  406DC8 OPEN@F13WINDOWMANAGER
  406E0C KILL@F13WINDOWMANAGER
  406F60 INIT@F13WINDOWMANAGER
  406FDC ASK@F13WINDOWMANAGER
  407040 ADDITEM@F13WINDOWMANAGER15WINDOWCOMPONENT
  40706C ADDITEM@F13WINDOWMANAGER12TOOLBARCLASS
  407080 DISABLECANCELCONTROLS@F13WINDOWMANAGER
  4070D8 ENABLECANCELCONTROLS@F13WINDOWMANAGER
  407130 DESTRUCT@F15CRITICALSECTION
  407140 CONSTRUCT@F15CRITICALSECTION
  407150 KILL@F17CRITICALPROCEDURE
  407170 INIT@F17CRITICALPROCEDURE11ISYNCOBJECT
  40719C DESTRUCT@F17CRITICALPROCEDURE
  4071A4 CONSTRUCT@F17CRITICALPROCEDURE
  40737C MAIN@F
  407414 GERAC002$GERA_CHAVE
  4083A8 GERAC003$W:GERACHAVE@F
  4084A4 GERAC004$GERA_CHAVE_TEF
  409130 GERAC005$GERA_CRIPTOECF
  409D78 GERAC006$GERA_CHAVE_NFE
  40AA04 GERACBC0$GERACBC0:FILESINIT@F
  40AA08 GERACBC0$GERACBC0:DCTKILL@F
  40AA0C GERACBC0$GERACBC0:DCTINIT@F
  40AA10 DCTKILL@F
  40AA18 DCTINIT@F
  40AA24 _main
  40AB04 DESTRUCT@F10DICTIONARY
  40AB0C CONSTRUCT@F10DICTIONARY
  40ADB4 __thr_inst0
  40B02C TYPE$COLORMAP
  40B058 TCB$COLORMAP
  40B21C STDERRORFILE$TYPE$RECORD
  40B234 $STDERRORFILE
  40B280 TYPE$PNQ
  40B2A0 TYPE$DEFAULTERRORS
  40B500 $DEFAULTERRORS
  40C770 TYPE$HISTHANDLERCLASS
  40C7B8 VMT$HISTHANDLERCLASS
  40C7E8 TYPE$MSGBOXCLASS
  40CA60 VMT$MSGBOXCLASS
  40CAE8 TYPE$ERRORCLASS
  40CD6C VMT$ERRORCLASS
  40CDB8 TYPE$STANDARDERRORLOGCLASS
  40CDF0 VMT$STANDARDERRORLOGCLASS
  40CE08 TYPE$ERRORSTATUSCLASS
  40CEFC VMT$ERRORSTATUSCLASS
  40CF08 TYPE$UNTHREADEDFILEOPENERMAP
  40CF2C TCB$UNTHREADEDFILEOPENERMAP
  40CF3C TYPE$FILESMANAGER
  40CF80 VMT$FILESMANAGER
  40CF8C TYPE$FILEMAPPING_T
  40CFB8 TYPE$FILEMAPPING_R
  40CFE8 TYPE$STATUSQ_T
  40D050 TYPE$FUZZYCLASS
  40D0F8 VMT$FUZZYCLASS
  40D104 TYPE$TOOLBARTARGETQUEUE
  40D120 TYPE$TOOLBARCLASS
  40D138 VMT$TOOLBARCLASS
  40D264 TYPE$INICLASS
  40D2AC VMT$INICLASS
  40D340 TYPE$BUTTONLIST
  40D364 TYPE$COMPONENTLIST
  40D380 TYPE$CRITICALSECTION
  40D398 VMT$CRITICALSECTION
  40D3A4 TYPE$CRITICALPROCEDURE
  40D3BC VMT$CRITICALPROCEDURE
  40D9C0 TYPE$DICTIONARY
  40D9D0 VMT$DICTIONARY
  40DC84 VMTP$DICTIONARY
  40DC9C VMTP$FILESMANAGER
  40DCA4 VMTP$INICLASS
  40DCAC VMTP$TOOLBARCLASS
  40DCB4 VMTP$HISTHANDLERCLASS
  40DCBC VMTP$MSGBOXCLASS
  40DCC4 VMTP$ERRORCLASS
  40DCCC VMTP$STANDARDERRORLOGCLASS
  40DCD4 VMTP$ERRORSTATUSCLASS
  40DCDC VMTP$FUZZYCLASS
  40DCE4 VMTP$CRITICALSECTION
  40DCEC VMTP$CRITICALPROCEDURE
  40DD00 $COLORMAP
  40DD38 $MULTIWINDOW
  40DD3C $TXTWINDOW
  40DD40 $WINDOW
  40DD44 STDERRORFILE$RECORD
  40E144 $UNTHREADEDFILEOPENERMAP
  40E14C $CREATEOPENERCRIT
  40E154 P198$MEMOS$DBTEXTLOGFILE
  40E25C $FUZZYMATCHER
  40F880 $GLOBALERRORS
  40F8B4 $INIMGR
  40F9CC $LCURRENTFDSETTING
  40F9D0 $LADJFDSETTING
  410008 P198$DBTEXTLOGFILE
  410054 P82$EXTRACTFILE
  4100A0 $GLOBALERRORSTATUS
  4107C0 $GLOBALREQUEST
  4107C4 $GLOBALRESPONSE
  4107C8 $VCRREQUEST
  4107CC $DICTIONARY
  4107D0 $FILESMANAGER
  4107E8 $SZDBTEXTLOG
  4108F0 P198$DBTEXTLOGFILE$RECORD
  410CDC P82$EXTRACTFILE$EXTRACTFILE@:RECORD
  412000 __import_section_start
  412EE4 __import_section_end

Imports
3DESV02.dll:Function_3Des 412070,401000
3DESV02.dll:Function_Des 412074,401008
c60ascx:ASCII 412084
c60runx:Cla$ACCEPTED 41228C,401010
c60runx:Cla$ADDqueue 412290
c60runx:Cla$AssignRefUfo 412294
c60runx:Cla$BEEP 412298,401018
c60runx:Cla$CLEAR 41229C
c60runx:Cla$clearstr 4122A0
c60runx:Cla$CLOCK 4122A4,401020
c60runx:Cla$CLOSEwindow 4122A8,401028
c60runx:Cla$code 4122AC
c60runx:Cla$comparestr 4122B0
c60runx:Cla$DecAdd 4122B4
c60runx:Cla$DecDistinct 4122B8
c60runx:Cla$DecDistinctR 4122BC
c60runx:Cla$DecDivide 4122C0
c60runx:Cla$DELETEqueue 4122C4,401030
c60runx:Cla$DELETEREG 4122C8,401038
c60runx:Cla$DInt 4122CC
c60runx:Cla$DISABLE 4122D0,401040
c60runx:Cla$DISPLAY 4122D4,401048
c60runx:Cla$DISPOSEqueue 4122D8
c60runx:Cla$DISPOSEref 4122DC
c60runx:Cla$Dlongpower 4122E0
c60runx:Cla$DPopLong 4122E4
c60runx:Cla$DPopReal 4122E8
c60runx:Cla$DPopUlong 4122EC
c60runx:Cla$DPushLong 4122F0
c60runx:Cla$ENABLE 4122F4,401050
c60runx:Cla$EndEventLoop 4122F8
c60runx:Cla$ERRORCODE 4122FC,401058
c60runx:Cla$EVENT 412300,401060
c60runx:Cla$FIELD 412304,401068
c60runx:Cla$FILEERRORCODE 412308,401070
c60runx:Cla$FILEERRORMSG 41230C,401078
c60runx:Cla$FileExists 412310,401080
c60runx:Cla$FILE_ADDf 412314
c60runx:Cla$FILE_CLOSE 412318,401088
c60runx:Cla$FILE_CREATE 41231C
c60runx:CLA$FILE_DESTROY 412320
c60runx:Cla$FILE_NAME 412324,401090
c60runx:Cla$FILE_OPEN 412328,401098
c60runx:Cla$FILE_POSITIONf 41232C,4010A0
c60runx:Cla$FILE_POSITIONk 412330,4010A8
c60runx:Cla$FILE_REGETf 412334,4010B0
c60runx:Cla$FILE_REGETk 412338,4010B8
c60runx:Cla$FOCUS 41233C,4010C0
c60runx:Cla$FREEqueue 412340
c60runx:Cla$FREEqueuea 412344,4010C8
c60runx:Cla$freestr 412348
c60runx:Cla$FreeUfo 41234C
c60runx:Cla$freewindow 412350
c60runx:Cla$GETINI 412354,4010D0
c60runx:Cla$GetPropS 412358
c60runx:Cla$GETqueuekey 41235C,4010D8
c60runx:Cla$GETqueueptr 412360
c60runx:Cla$GETREG 412364,4010E0
c60runx:Cla$HALT 412368,4010E8
c60runx:Cla$init 41236C
c60runx:Cla$INSTANCE 412370,4010F0
c60runx:Cla$KEYCODE 412374,4010F8
c60runx:Cla$longtostr 412378
c60runx:Cla$Mem2Ufo 41237C
c60runx:Cla$MessageBox 412380,401100
c60runx:Cla$NewCriticalSection 412384,401108
c60runx:Cla$NewMemB 412388
c60runx:Cla$NewMemT 41238C
c60runx:Cla$NEWqueue 412390
c60runx:Cla$NOTIFICATION 412394,401110
c60runx:Cla$OPENowned 412398,401118
c60runx:Cla$OPENwindow 41239C,401120
c60runx:Cla$paopen 4123A0,401128
c60runx:Cla$POINTERqueue 4123A4,401130
c60runx:Cla$PopAString 4123A8
c60runx:Cla$PopBind 4123AC,401138
c60runx:Cla$PopCString 4123B0
c60runx:Cla$PopString 4123B4
c60runx:Cla$PopTemp 4123B8
c60runx:Cla$POST 4123BC,401140
c60runx:Cla$PushAString 4123C0
c60runx:Cla$PushBind 4123C4,401148
c60runx:Cla$PushCString 4123C8
c60runx:Cla$PushLong 4123CC
c60runx:Cla$PushPictLong 4123D0
c60runx:Cla$PushString 4123D4
c60runx:Cla$PushUfo 4123D8
c60runx:Cla$PUTINI 4123DC,401150
c60runx:Cla$PUTqueue 4123E0
c60runx:Cla$PUTREG 4123E4,401158
c60runx:Cla$pwopen 4123E8,401160
c60runx:Cla$RECORDSqueue 4123EC,401168
c60runx:Cla$RefAssignAny 4123F0
c60runx:Cla$SELECT 4123F4,401170
c60runx:Cla$SETCURSOR 4123F8,401178
c60runx:Cla$SETKEYCODE 4123FC,401180
c60runx:Cla$SetPropS 412400
c60runx:Cla$SetPropV 412404
c60runx:Cla$Stack2DStack 412408
c60runx:Cla$Stack2Ufo 41240C
c60runx:Cla$StackCLIP 412410,401188
c60runx:Cla$StackCompareN 412414
c60runx:Cla$StackCompareNEQ 412418
c60runx:Cla$StackConcat 41241C
c60runx:Cla$StackConcatR 412420
c60runx:Cla$StackErrstr 412424,401190
c60runx:Cla$StackHeap 412428
c60runx:Cla$StackINSTRING 41242C,401198
c60runx:Cla$StackLen 412430,4011A0
c60runx:Cla$STACKpop 412434
c60runx:Cla$StackRotate 412438
c60runx:Cla$StackSUB 41243C,4011A8
c60runx:Cla$StackUPPER 412440,4011B0
c60runx:Cla$START 412444,4011B8
c60runx:Cla$StartEventLoop 412448
c60runx:Cla$StashBP 41244C
c60runx:Cla$storecstr 412450
c60runx:Cla$storestr 412454
c60runx:Cla$THREAD 412458,4011C0
c60runx:Cla$TODAY 41245C,4011C8
c60runx:Cla$UNHIDE 412460,4011D0
c60runx:Cla$UNREGISTEREVENT 412464,4011D8
c60runx:Cla$WHAT 412468,4011E0
c60runx:THR$GetInstance 41246C,4011E8
c60runx:Wsl$CloseDown 412470,4011F0
c60runx:_exit 412474,4011F8
c60runx:_free 412478
c60runx:_malloc 41247C
c60runx:__sysinit 412480,401200
c60runx:__sysstart 412484,401208
USER32.dll:SystemParametersInfoA 412494



Entry Point:   40AB1C