  4011C8     181C Code                ABERROR_TEXT
  4029E4      B90 Code                ABFILE_TEXT
  403574      159 Code                ABFUZZY_TEXT
  4036D0       46 Code                ABRESIZE_TEXT
  403718      133 Code                ABTOOLBA_TEXT
  40384C      A18 Code                ABUTIL_TEXT
  404264     124A Code                ABWINDOW_TEXT
  4054B0      1DF Code                GERAC001_TEXT
  405690      C7E Code                GERAC002_TEXT
  406310      286 Code                GERAC003_TEXT
  406598      C70 Code                GERAC004_TEXT
  407208        9 Code                GERACBC0_TEXT
  407214       13 Code                GERACBC_TEXT
  407228       D7 Code                GERACHAVEC55_TEXT
  407300       3D Code                IEXE32_TEXT
  407340      182 Code                INIT_TEXT
  408000       2A Initialized Data    ABEIP_CONST
  40802C       3C Initialized Data    ABEIP_DATA
  408068      1AF Initialized Data    ABERROR_CONST
  408218     1624 Initialized Data    ABERROR_DATA
  40983C        8 Initialized Data    ABFILE_CONST
  409844       D0 Initialized Data    ABFILE_DATA
  409914       B4 Initialized Data    ABFUZZY_DATA
  4099C8       4C Initialized Data    ABTOOLBA_DATA
  409A14       A1 Initialized Data    ABUTIL_CONST
  409AB8       6F Initialized Data    ABUTIL_DATA
  409B28        8 Initialized Data    ABWINDOW_CONST
  409B30       38 Initialized Data    ABWINDOW_DATA
  409B68       26 Initialized Data    GERAC001_CONST
  409B90      1EC Initialized Data    GERAC001_DATA
  409D7C       18 Initialized Data    GERAC002_CONST
  409D94       2E Initialized Data    GERAC003_CONST
  409DC4      1EC Initialized Data    GERAC003_DATA
  409FB0       18 Initialized Data    GERAC004_CONST
  409FC8       10 Initialized Data    GERACHAVEC55_CONST
  409FD8       30 Initialized Data    IEXE32_DATA
  40A008        0 Initialized Data    _INST_DAT
  40A008        0 Initialized Data    _INST_DATA_END
  40A008        0 Initialized Data    __CPPINI_CONS
  40A008       30 Initialized Data    __CPPINI_CONST
  40A038        4 Initialized Data    __CPPINI_END
  40A03C        0 Initialized Data    __INIVMT_CONS
  40A03C       50 Initialized Data    __INIVMT_CONST
  40A08C        0 Initialized Data    __INIVMT_CONST_END
  40A090       40 Un-initialized Data ABEIP_BSS
  40A0D0      404 Un-initialized Data ABERROR_BSS
  40A4D4       24 Un-initialized Data ABFILE_BSS
  40A4F8        4 Un-initialized Data ABFUZZY_BSS
  40A4FC     1D60 Un-initialized Data GERACHAVEC55_BSS
  40C25C        0 Un-initialized Data _INST_BS
  40C25C        C Un-initialized Data _INST_BSS
  40C268        4 Un-initialized Data _INST_BSS_END

  4011C8 SETID@F10ERRORCLASSUsl
  401204 REPLACE@FsbsbRsc
  4012EC KILL_@_WINDOWCOMPONENT_@_HISTHANDLERCLASS@F15WINDOWCOMPONENT
  4012F4 RESET_@_WINDOWCOMPONENT_@_HISTHANDLERCLASS@F15WINDOWCOMPONENTUc
  4012FC RESETREQUIRED_@_WINDOWCOMPONENT_@_HISTHANDLERCLASS@F15WINDOWCOMPONENT
  401304 SETALERTS_@_WINDOWCOMPONENT_@_HISTHANDLERCLASS@F15WINDOWCOMPONENT
  40130C TAKEEVENT_@_WINDOWCOMPONENT_@_HISTHANDLERCLASS@F15WINDOWCOMPONENT
  401320 UPDATE_@_WINDOWCOMPONENT_@_HISTHANDLERCLASS@F15WINDOWCOMPONENT
  401328 UPDATEWINDOW_@_WINDOWCOMPONENT_@_HISTHANDLERCLASS@F15WINDOWCOMPONENT
  401340 VLBPROC@F16HISTHANDLERCLASSls
  4013EC TAKEEVENT@F16HISTHANDLERCLASS
  4014B4 INIT@F16HISTHANDLERCLASSBw10ERRORCLASS16ERRORHISTORYLIST
  4014C0 _VLBPROC@F16HISTHANDLERCLASSls
  4014D0 TAKEACCEPTED@F11MSGBOXCLASS
  40150C SETUPADDITIONALFEQS@F11MSGBOXCLASS
  401594 KILL@F11MSGBOXCLASS
  4015D4 INIT@F11MSGBOXCLASS
  401884 INIT@F11MSGBOXCLASSBw10ERRORCLASSOsbllll
  40191C FETCHSTDBUTTON@F11MSGBOXCLASSs
  401950 VIEWHISTORY@F10ERRORCLASS
  40197C THROW@F10ERRORCLASSs
  401990 TAKEUSER@F10ERRORCLASS
  4019F0 TAKEPROGRAM@F10ERRORCLASS
  4019F8 TAKEOTHER@F10ERRORCLASS
  401A00 TAKENOTIFY@F10ERRORCLASS
  401A50 TAKEFATAL@F10ERRORCLASS
  401AF0 TAKEERROR@F10ERRORCLASSs
  401B54 TAKEBENIGN@F10ERRORCLASS
  401B58 SUBSSTRING@F10ERRORCLASS
  401EA8 SETPROCEDURENAME@F10ERRORCLASSOsb
  401F2C SETID@F10ERRORCLASSUs
  401F48 SETFILE@F10ERRORCLASSsb
  401F90 SETERRORS@F10ERRORCLASS
  401FF8 SETCATEGORY@F10ERRORCLASSssa
  402020 RESETHISTORY@F10ERRORCLASS
  40202C MESSAGEBOX@F10ERRORCLASSUcsbOsbOsblll
  4020C4 MSG@F10ERRORCLASSsbOsbOsblll
  4023A8 MESSAGE@F10ERRORCLASSsll
  402410 KILL@F10ERRORCLASS
  402470 INIT@F10ERRORCLASS17ERRORLOGINTERFACE
  4024D4 INIT@F10ERRORCLASS
  40255C HISTORYMSG@F10ERRORCLASSsblll
  402640 GETPROCEDURENAME@F10ERRORCLASS
  4026F0 GETCATEGORY@F10ERRORCLASSs
  402750 ADDHISTORY@F10ERRORCLASS
  402760 ADDERRORS@F10ERRORCLASS10ERRORBLOCK
  4028A0 CLOSE_@_ERRORLOGINTERFACE_@_STANDARDERRORLOGCLASS@F17ERRORLOGINTERFACEUc
  4028B0 OPEN_@_ERRORLOGINTERFACE_@_STANDARDERRORLOGCLASS@F17ERRORLOGINTERFACEUc
  4028C0 TAKE_@_ERRORLOGINTERFACE_@_STANDARDERRORLOGCLASS@F17ERRORLOGINTERFACEsb
  402930 CLOSE@F21STANDARDERRORLOGCLASSUc
  40296C OPEN@F21STANDARDERRORLOGCLASSUc
  4029D0 DESTRUCT@F21STANDARDERRORLOGCLASS
  4029DC CONSTRUCT@F21STANDARDERRORLOGCLASS
  402A34 NOTEUSAGE@F12FILESMANAGER11FILEMANAGERUc
  402AD8 GETFILEID@F12FILESMANAGERBf
  402B04 FINDRECORD@F12FILESMANAGER11FILEMANAGER
  402BD8 DESTRUCT@F12FILESMANAGER
  402BDC CONSTRUCT@F12FILESMANAGER
  402BE0 USEFILE@F11FILEMANAGERUc
  402C7C TRYREGET@F11FILEMANAGERsb
  402D1C SETTHREAD@F11FILEMANAGER
  402DC4 SETERROR@F11FILEMANAGERUs
  402DEC SAVEFILE@F11FILEMANAGER
  402EE4 SAVEBUFFER@F11FILEMANAGER
  403078 RESTOREBUFFER@F11FILEMANAGERRUs11FILEMANAGERUc
  4031D8 RESTOREBUFFER@F11FILEMANAGERRUsUc
  4031E8 POSITION@F11FILEMANAGER
  4032B8 OPENFILE@F11FILEMANAGERUc
  4034CC GETNAME@F11FILEMANAGER
  4034FC DUPSTRING@Fsb
  403574 SETOPTION@F10FUZZYCLASSUcUc
  4035D8 KILL@F10FUZZYCLASS
  4035DC INIT@F10FUZZYCLASS
  4035F0 CONSTRUCT@F10FUZZYCLASS
  4036D0 TAKERESIZE@F17WINDOWRESIZECLASS
  4036D8 KILL@F17WINDOWRESIZECLASS
  403718 TAKEEVENT@F12TOOLBARCLASSPl13WINDOWMANAGER
  403744 SETTARGET@F12TOOLBARCLASSl
  4037EC KILL@F12TOOLBARCLASS
  403804 INIT@F12TOOLBARCLASS
  403824 DISPLAYBUTTONS@F12TOOLBARCLASS
  40384C UPDATE@F8INICLASSsbsbBqRuPuPu
  4039FC UPDATE@F8INICLASSsbsbsb
  403A80 UPDATE@F8INICLASS
  403A84 TRYFETCH@F8INICLASSsbsb
  403AFC KILL@F8INICLASS
  403BF0 INIT@F8INICLASSsb
  403CFC FETCHQUEUE@F8INICLASSsbsbBqRuPuPu
  403ED4 FETCHFIELD@F8INICLASSsbsbUc
  403FE4 FETCH@F8INICLASSsbsb
  404120 FETCH@F8INICLASS
  404124 UPDATE@F8INICLASSsbsbsbsb
  4041C4 FETCH@F8INICLASSsbsbsbsb
  404264 UPDATE@F13WINDOWMANAGER
  4042A4 TAKEWINDOWEVENT@F13WINDOWMANAGER
  40438C TAKESELECTED@F13WINDOWMANAGER
  404390 TAKEREJECTED@F13WINDOWMANAGER
  4043D4 TAKENEWSELECTION@F13WINDOWMANAGER
  404454 TAKEFIELDEVENT@F13WINDOWMANAGER
  404458 TAKEEVENT@F13WINDOWMANAGER
  4045D4 TAKECLOSEEVENT@F13WINDOWMANAGER
  404C10 TAKECOMPLETED@F13WINDOWMANAGER
  404C6C TAKEACCEPTED@F13WINDOWMANAGER
  404D1C SETRESPONSE@F13WINDOWMANAGERUc
  404D68 SETALERTS@F13WINDOWMANAGER
  404E18 SAVEHISTORY@F13WINDOWMANAGER
  404EC4 RUN@F13WINDOWMANAGERUsUc
  404EC8 RUN@F13WINDOWMANAGER
  404F14 RESTOREFIELD@F13WINDOWMANAGERl
  404FE8 RESETBUFFERS@F13WINDOWMANAGERUc
  405034 RESET@F13WINDOWMANAGERUc
  4050BC PRIMEUPDATE@F13WINDOWMANAGER
  4051EC PRIMEFIELDS@F13WINDOWMANAGER
  4051F0 POSTCOMPLETED@F13WINDOWMANAGER
  405238 OPEN@F13WINDOWMANAGER
  40527C KILL@F13WINDOWMANAGER
  4053A4 INIT@F13WINDOWMANAGER
  405418 ASK@F13WINDOWMANAGER
  40547C ADDITEM@F13WINDOWMANAGER15WINDOWCOMPONENT
  40549C ADDITEM@F13WINDOWMANAGER12TOOLBARCLASS
  4055FC MAIN@F
  405690 GERAC002$GERA_CHAVE
  4064C8 GERAC003$W:GERACHAVE@F
  406598 GERAC004$GERA_CHAVE_TEF
  407208 GERACBC0$GERACBC0:FILESINIT@F
  40720C GERACBC0$GERACBC0:DCTKILL@F
  407210 GERACBC0$GERACBC0:DCTINIT@F
  407214 DCTKILL@F
  40721C DCTINIT@F
  407228 _main
  40802C TYPE$COLORMAP
  408058 TCB$COLORMAP
  408218 STDERRORFILE$TYPE$RECORD
  408230 $STDERRORFILE
  40826C TYPE$PNQ
  40828C TYPE$DEFAULTERRORS
  408488 $DEFAULTERRORS
  409358 TYPE$HISTHANDLERCLASS
  4093A0 VMT$HISTHANDLERCLASS
  4093D0 TYPE$MSGBOXCLASS
  4095C8 VMT$MSGBOXCLASS
  409630 TYPE$ERRORCLASS
  4097B8 VMT$ERRORCLASS
  4097F8 TYPE$STANDARDERRORLOGCLASS
  409824 VMT$STANDARDERRORLOGCLASS
  409844 TYPE$FILEMAPPING
  409870 TYPE$STATUSQ
  4098BC TYPE$FILESMANAGER
  4098D4 VMT$FILESMANAGER
  4098E0 TCB$STATUSQ
  4098F0 TCB$FILEMAPPING
  409914 TYPE$FUZZYCLASS
  4099BC VMT$FUZZYCLASS
  4099C8 TYPE$TOOLBARTARGETQUEUE
  4099E4 TYPE$TOOLBARCLASS
  4099FC VMT$TOOLBARCLASS
  409AB8 TYPE$INICLASS
  409AE0 VMT$INICLASS
  409B30 TYPE$BUTTONLIST
  409B54 TYPE$COMPONENTLIST
  40A04C VMTP$FILESMANAGER
  40A054 VMTP$INICLASS
  40A05C VMTP$TOOLBARCLASS
  40A064 VMTP$HISTHANDLERCLASS
  40A06C VMTP$MSGBOXCLASS
  40A074 VMTP$ERRORCLASS
  40A07C VMTP$STANDARDERRORLOGCLASS
  40A084 VMTP$FUZZYCLASS
  40A090 $COLORMAP
  40A0C8 $MULTIWINDOW
  40A0CC $TXTWINDOW
  40A0D0 $WINDOW
  40A0D4 STDERRORFILE$RECORD
  40A4D4 MEMOS$STDERRORFILE
  40A4DC $STATUSQ
  40A4F0 $FILESMANAGER
  40A4F8 $FUZZYOBJECT
  40A4FC $FUZZYMATCHER
  40BB20 $GLOBALERRORS
  40C148 $INIMGR
  40C254 $LCURRENTFDSETTING
  40C258 $LADJFDSETTING
  40C25C $GLOBALREQUEST
  40C260 $GLOBALRESPONSE
  40C264 $VCRREQUEST
  40D000 __import_section_start
  40DF14 __import_section_end

Imports
3DESV02.dll:Function_3Des 40D070,401000
3DESV02.dll:Function_Des 40D074,401008
c55ascx:ASCII 40D084
c55runx:Cla$ACCEPTED 40D290,401010
c55runx:Cla$ADDqueue 40D294
c55runx:Cla$ADDqueuekey 40D298
c55runx:Cla$AssignRefUfo 40D29C
c55runx:Cla$BEEP 40D2A0,401018
c55runx:Cla$CLEAR 40D2A4
c55runx:Cla$clearstr 40D2A8
c55runx:Cla$CLOCK 40D2AC,401020
c55runx:Cla$CLOSEwindow 40D2B0,401028
c55runx:Cla$code 40D2B4
c55runx:Cla$comparestr 40D2B8
c55runx:Cla$DecAdd 40D2BC
c55runx:Cla$DecDistinct 40D2C0
c55runx:Cla$DecDistinctR 40D2C4
c55runx:Cla$DecDivide 40D2C8
c55runx:Cla$DELETEqueue 40D2CC,401030
c55runx:Cla$DInt 40D2D0
c55runx:Cla$DISPLAY 40D2D4,401038
c55runx:Cla$DISPOSEqueue 40D2D8
c55runx:Cla$DISPOSEref 40D2DC
c55runx:Cla$Dlongpower 40D2E0
c55runx:Cla$DPopLong 40D2E4
c55runx:Cla$DPopReal 40D2E8
c55runx:Cla$DPopUlong 40D2EC
c55runx:Cla$DPushLong 40D2F0
c55runx:Cla$EndEventLoop 40D2F4
c55runx:Cla$ERRCODE 40D2F8
c55runx:Cla$EVENT 40D2FC,401040
c55runx:Cla$FIELD 40D300,401048
c55runx:Cla$FILEERRORCODE 40D304,401050
c55runx:Cla$FILEERRORMSG 40D308,401058
c55runx:Cla$FileExists 40D30C,401060
c55runx:Cla$FILE_ADDf 40D310
c55runx:Cla$FILE_BUILDf 40D314,401068
c55runx:Cla$FILE_CREATE 40D318
c55runx:CLA$FILE_DESTROY 40D31C,401070
c55runx:Cla$FILE_GETNULLS 40D320,401078
c55runx:CLA$FILE_GETSTATE 40D324,401080
c55runx:Cla$FILE_GET_PROPERTY 40D328
c55runx:Cla$FILE_NAME 40D32C,401088
c55runx:Cla$FILE_OPEN 40D330,401090
c55runx:Cla$FILE_POSITIONf 40D334,401098
c55runx:Cla$FILE_POSITIONk 40D338,4010A0
c55runx:Cla$FILE_REGETf 40D33C,4010A8
c55runx:Cla$FILE_REGETk 40D340,4010B0
c55runx:Cla$FILE_SEND 40D344,4010B8
c55runx:Cla$FILE_SETNULLS 40D348,4010C0
c55runx:Cla$FILE_SET_PROPERTY 40D34C
c55runx:Cla$FOCUS 40D350,4010C8
c55runx:Cla$FREEqueue 40D354
c55runx:Cla$FREEqueuea 40D358,4010D0
c55runx:Cla$freestr 40D35C
c55runx:Cla$FreeUfo 40D360
c55runx:Cla$freewindow 40D364
c55runx:Cla$GETINI 40D368,4010D8
c55runx:Cla$GetPropS 40D36C
c55runx:Cla$GETqueuekey 40D370
c55runx:Cla$GETqueueptr 40D374
c55runx:Cla$HALT 40D378,4010E0
c55runx:Cla$init 40D37C
c55runx:Cla$KEYCODE 40D380,4010E8
c55runx:Cla$Mem2Ufo 40D384
c55runx:Cla$MessageBox 40D388,4010F0
c55runx:Cla$NewMemB 40D38C
c55runx:Cla$NewMemT 40D390
c55runx:Cla$NEWqueue 40D394
c55runx:Cla$OPENwindow 40D398,4010F8
c55runx:Cla$paopen 40D39C
c55runx:Cla$POINTERqueue 40D3A0,401100
c55runx:Cla$PopAString 40D3A4
c55runx:Cla$PopBind 40D3A8,401108
c55runx:Cla$PopCString 40D3AC
c55runx:Cla$PopString 40D3B0
c55runx:Cla$PopTemp 40D3B4
c55runx:Cla$POST 40D3B8,401110
c55runx:Cla$PushAString 40D3BC
c55runx:Cla$PushBind2 40D3C0,401118
c55runx:Cla$PushCString 40D3C4
c55runx:Cla$PushLong 40D3C8
c55runx:Cla$PushPictLong 40D3CC
c55runx:Cla$PushString 40D3D0
c55runx:Cla$PushUfo 40D3D4
c55runx:Cla$PUTINI 40D3D8,401120
c55runx:Cla$PUTqueue 40D3DC
c55runx:Cla$pwopen 40D3E0
c55runx:Cla$RECORDSqueue 40D3E4,401128
c55runx:Cla$RefAssignAny 40D3E8
c55runx:Cla$SELECT 40D3EC,401130
c55runx:Cla$SETCURSOR 40D3F0,401138
c55runx:Cla$SETKEYCODE 40D3F4,401140
c55runx:Cla$SetPropS 40D3F8
c55runx:Cla$SetPropV 40D3FC
c55runx:Cla$SORTqueuekey 40D400
c55runx:Cla$Stack2DStack 40D404
c55runx:Cla$Stack2Ufo 40D408
c55runx:Cla$StackCLIP 40D40C,401148
c55runx:Cla$StackCompareN 40D410
c55runx:Cla$StackCompareNEQ 40D414
c55runx:Cla$StackCompareR 40D418
c55runx:Cla$StackConcat 40D41C
c55runx:Cla$StackConcatR 40D420
c55runx:Cla$StackErrstr 40D424,401150
c55runx:Cla$StackHeap 40D428
c55runx:Cla$StackINSTRING 40D42C,401158
c55runx:Cla$StackLen 40D430,401160
c55runx:Cla$STACKpop 40D434
c55runx:Cla$StackRotate 40D438
c55runx:Cla$StackSUB 40D43C,401168
c55runx:Cla$StackUPPER 40D440,401170
c55runx:Cla$START 40D444,401178
c55runx:Cla$StartEventLoop 40D448
c55runx:Cla$StashBP 40D44C
c55runx:Cla$storecstr 40D450
c55runx:Cla$storestr 40D454
c55runx:Cla$THREAD 40D458,401180
c55runx:Cla$TODAY 40D45C,401188
c55runx:Cla$UNHIDE 40D460,401190
c55runx:Cla$UNREGISTEREVENT 40D464,401198
c55runx:Cla$WHAT 40D468,4011A0
c55runx:Wsl$CloseDown 40D46C,4011A8
c55runx:_exit 40D470,4011B0
c55runx:_free 40D474
c55runx:_longjmp 40D478
c55runx:_malloc 40D47C
c55runx:_memset 40D480
c55runx:_setjmp 40D484
c55runx:__checkversion 40D488,4011B8
c55runx:__sysinit 40D48C,4011C0
USER32.dll:SystemParametersInfoA 40D49C



Entry Point:   407300