  401228     3733 Code                ABERROR_TEXT
  40495C      24E Code                ABFILE_TEXT
  404BAC      28E Code                ABFUZZY_TEXT
  404E3C       E3 Code                ABRESIZE_TEXT
  404F20      263 Code                ABTOOLBA_TEXT
  405184     1CE5 Code                ABUTIL_TEXT
  406E6C     2591 Code                ABWINDOW_TEXT
  409400      147 Code                CWSYNCHC_TEXT
  409548      36F Code                GERACHAVE001_TEXT
  4098B8     4B38 Code                GERACHAVE002_TEXT
  40E3F0       46 Code                GERACHAVE_BC0_TEXT
  40E438       3C Code                GERACHAVE_BC_TEXT
  40E474      104 Code                GERACHAVE_TEXT
  40E578       23 Code                IEXE32_TEXT
  40E59C      3C3 Code                INIT_TEXT
  40E960        D Code                INST00_TEXT
  40F000     126E Initialized Data    $DEFAULTERRORS_DATA
  410270       23 Initialized Data    ABEIP_CONST
  410294       3C Initialized Data    ABEIP_DATA
  4102D0      2A7 Initialized Data    ABERROR_CONST
  410578      A84 Initialized Data    ABERROR_DATA
  410FFC        9 Initialized Data    ABFILE_CONST
  411008      147 Initialized Data    ABFILE_DATA
  411150       B4 Initialized Data    ABFUZZY_DATA
  411204        2 Initialized Data    ABPOPUP_CONST
  411208        D Initialized Data    ABTOOLBA_CONST
  411218       4C Initialized Data    ABTOOLBA_DATA
  411264       B8 Initialized Data    ABUTIL_CONST
  41131C       EB Initialized Data    ABUTIL_DATA
  411408       14 Initialized Data    ABWINDOW_CONST
  41141C       3F Initialized Data    ABWINDOW_DATA
  41145C       48 Initialized Data    CWSYNCHC_DATA
  4114A4       28 Initialized Data    GERACHAVE001_CONST
  4114CC      28C Initialized Data    GERACHAVE001_DATA
  411758       AC Initialized Data    GERACHAVE002_CONST
  411804      28C Initialized Data    GERACHAVE002_DATA
  411A90        F Initialized Data    GERACHAVE_CONST
  411AA0       1C Initialized Data    GERACHAVE_DATA
  411ABC       44 Initialized Data    IEXE32_DATA
  411B00        0 Initialized Data    __CPPINI_CONS
  411B00      268 Initialized Data    __CPPINI_CONST
  411D68        4 Initialized Data    __CPPINI_END
  411D6C        0 Initialized Data    __INIVMT_CONS
  411D6C       70 Initialized Data    __INIVMT_CONST
  411DDC        0 Initialized Data    __INIVMT_CONST_END
  411DE0     1623 Un-initialized Data $FUZZYMATCHER_BSS
  413404       40 Un-initialized Data ABEIP_BSS
  413444      404 Un-initialized Data ABERROR_BSS
  413848       10 Un-initialized Data ABFILE_BSS
  413858        4 Un-initialized Data ABFUZZY_BSS
  41385C      104 Un-initialized Data ABUTIL_BSS
  413960      14C Un-initialized Data GERACHAVE_BSS
  414000        8 __T_L_S__DAT
  414008       A8 __T_L_S__DATA
  4140B0        0 __T_L_S__DATA_END
  4140B0        0 __T_L_S__BS
  4140B0     1C40 __T_L_S__BSS
  415CF0        0 __T_L_S__BSS_END

  401360 KILL_@_WINDOWCOMPONENT_@_HISTHANDLERCLASS@F15WINDOWCOMPONENT
  401380 RESET_@_WINDOWCOMPONENT_@_HISTHANDLERCLASS@F15WINDOWCOMPONENTUc
  4013A8 RESETREQUIRED_@_WINDOWCOMPONENT_@_HISTHANDLERCLASS@F15WINDOWCOMPONENT
  4013C8 SETALERTS_@_WINDOWCOMPONENT_@_HISTHANDLERCLASS@F15WINDOWCOMPONENT
  4013E8 TAKEEVENT_@_WINDOWCOMPONENT_@_HISTHANDLERCLASS@F15WINDOWCOMPONENT
  401414 UPDATE_@_WINDOWCOMPONENT_@_HISTHANDLERCLASS@F15WINDOWCOMPONENT
  401434 UPDATEWINDOW_@_WINDOWCOMPONENT_@_HISTHANDLERCLASS@F15WINDOWCOMPONENT
  401464 VLBPROC@F16HISTHANDLERCLASSls
  401570 TAKEEVENT@F16HISTHANDLERCLASS
  401660 INIT@F16HISTHANDLERCLASSBw10ERRORCLASS16ERRORHISTORYLIST
  4016A8 _VLBPROC@F16HISTHANDLERCLASSls
  4016F4 TAKEACCEPTED@F11MSGBOXCLASS
  401754 SETUPADDITIONALFEQS@F11MSGBOXCLASS
  4017FC KILL@F11MSGBOXCLASS
  401864 INIT@F11MSGBOXCLASS
  401B74 INIT@F11MSGBOXCLASSBw10ERRORCLASSOsbllll
  401C44 FETCHSTDBUTTON@F11MSGBOXCLASSs
  401CBC GETALLSTATUSVARIABLES@F10ERRORCLASS16ERRORSTATUSGROUP
  401D44 GETERRORBUFFERFATALITY@F10ERRORCLASS
  401DC0 GETERRORBUFFERTITLE@F10ERRORCLASS
  401E44 GETERRORBUFFERID@F10ERRORCLASS
  401EB4 STOREERRORENTRY@F10ERRORCLASSUs
  402054 GETHISTORYRESETONVIEW@F10ERRORCLASS
  4020B8 SETHISTORYRESETONVIEW@F10ERRORCLASSUc
  402124 GETHISTORYVIEWLEVEL@F10ERRORCLASS
  402188 SETHISTORYVIEWLEVEL@F10ERRORCLASSl
  4021F4 GETHISTORYTHRESHOLD@F10ERRORCLASS
  402258 SETHISTORYTHRESHOLD@F10ERRORCLASSl
  4022C4 GETLOGERRORS@F10ERRORCLASS
  402328 GETSILENT@F10ERRORCLASS
  40238C SETDEFAULTCATEGORY@F10ERRORCLASSsa
  4023F8 GETDEFAULTCATEGORY@F10ERRORCLASS
  40245C VIEWHISTORY@F10ERRORCLASS
  4024D0 THROW@F10ERRORCLASSs
  40250C TAKEUSER@F10ERRORCLASS
  40258C TAKEPROGRAM@F10ERRORCLASS
  4025B8 TAKEOTHER@F10ERRORCLASS
  4025E4 TAKENOTIFY@F10ERRORCLASS
  402654 TAKEFATAL@F10ERRORCLASS
  4026F4 TAKEERROR@F10ERRORCLASSs
  4028FC TAKEBENIGN@F10ERRORCLASS
  40291C SUBSSTRING@F10ERRORCLASS
  402D50 SETPROCEDURENAME@F10ERRORCLASSOsb
  402E48 GETERRORENTRY@F10ERRORCLASSUs15ERRORENTRYGROUPl
  402F08 GETERRORENTRY@F10ERRORCLASSUs15ERRORENTRYGROUP
  402F80 SETID@F10ERRORCLASSUsl
  403014 SETID@F10ERRORCLASSUs
  403088 SETERRORS@F10ERRORCLASS
  403160 SETERRORLOG@F10ERRORCLASS17ERRORLOGINTERFACE
  403258 SETCATEGORY@F10ERRORCLASSssa
  403304 RESETHISTORY@F10ERRORCLASS
  403380 REMOVEERROR@F10ERRORCLASSUs
  403438 MESSAGEBOX@F10ERRORCLASSUcsbOsbOsblll
  4034DC MSG@F10ERRORCLASSsbOsbOsblll
  4038C8 MESSAGE@F10ERRORCLASSsll
  403970 KILL@F10ERRORCLASS
  403A50 INIT@F10ERRORCLASS16ERRORSTATUSCLASS
  403ACC INIT@F10ERRORCLASS
  403BFC HISTORYMSG@F10ERRORCLASSsblll
  403DD0 GETPROCEDURENAME@F10ERRORCLASS
  403F24 GETCATEGORY@F10ERRORCLASSs
  403FF0 ADDHISTORY@F10ERRORCLASS
  40409C ADDERRORS@F10ERRORCLASS10ERRORBLOCK
  404304 ADDERROR@F10ERRORCLASSUsRsbRsbUcsa
  40443C DESTRUCT@F10ERRORCLASS
  404478 CONSTRUCT@F10ERRORCLASS
  4044B0 DESTRUCT@F16ERRORSTATUSCLASS
  404508 CONSTRUCT@F16ERRORSTATUSCLASS
  404690 CLOSE_@_ERRORLOGINTERFACE_@_STANDARDERRORLOGCLASS@F17ERRORLOGINTERFACEUc
  4046C0 OPEN_@_ERRORLOGINTERFACE_@_STANDARDERRORLOGCLASS@F17ERRORLOGINTERFACEUc
  4046F0 TAKE_@_ERRORLOGINTERFACE_@_STANDARDERRORLOGCLASS@F17ERRORLOGINTERFACEsb
  4047A8 CLOSE@F21STANDARDERRORLOGCLASSUc
  404844 OPEN@F21STANDARDERRORLOGCLASSUc
  404908 DESTRUCT@F21STANDARDERRORLOGCLASS
  404934 CONSTRUCT@F21STANDARDERRORLOGCLASS
  404990 DESTRUCT@F12FILESMANAGER
  4049FC CONSTRUCT@F12FILESMANAGER
  404A50 TRYREGET@F11FILEMANAGERsb
  404B10 POSITION@F11FILEMANAGER
  404BAC SETOPTION@F10FUZZYCLASSUcUc
  404C44 KILL@F10FUZZYCLASS
  404C64 INIT@F10FUZZYCLASS
  404C9C CONSTRUCT@F10FUZZYCLASS
  404E3C TAKERESIZE@F17WINDOWRESIZECLASS
  404E68 KILL@F17WINDOWRESIZECLASS
  404F20 TAKEEVENT@F12TOOLBARCLASSPl13WINDOWMANAGER
  404F9C SETTARGET@F12TOOLBARCLASSl
  4050B0 KILL@F12TOOLBARCLASS
  4050E4 INIT@F12TOOLBARCLASS
  405124 DISPLAYBUTTONS@F12TOOLBARCLASS
  405184 UPDATEQUEUE@F8INICLASSsbsbBqRuPuPuPu
  4053C0 UPDATE@F8INICLASSsbsbsb
  405490 UPDATE@F8INICLASSsbBw
  405674 UPDATE@F8INICLASS
  405694 TRYFETCH@F8INICLASSsbsb
  40571C REMOVE@F8INICLASSsbsb
  4058BC KILL@F8INICLASS
  405A10 INIT@F8INICLASSsbll
  405B5C FETCHQUEUE@F8INICLASSsbsbBqRuPuPuPu
  405DD8 FETCHFIELD@F8INICLASSsbsbUc
  405F74 FETCH@F8INICLASSsbsbRu
  40604C FETCH@F8INICLASSsbBw
  4062B4 FETCH@F8INICLASSsbsb
  40644C FETCH@F8INICLASS
  40646C UPDATEWINDOWINFO@F8INICLASSsb10WINDOWINFO
  406700 FETCHWINDOWINFO@F8INICLASSsb10WINDOWINFO
  406994 UPDATE@F8INICLASSsbsbsbsb
  406BA8 FETCH@F8INICLASSsbsbsbsb
  406DFC DESTRUCT@F8INICLASS
  406E38 CONSTRUCT@F8INICLASS
  406F78 SAVEONINSERTACTION@F13WINDOWMANAGER
  407064 SAVEONCHANGEACTION@F13WINDOWMANAGER
  4071CC DELETEACTION@F13WINDOWMANAGER
  4073D8 CHANGEACTION@F13WINDOWMANAGER
  407800 INSERTACTION@F13WINDOWMANAGER
  407A70 TAKEDISABLEBUTTON@F13WINDOWMANAGERlUc
  407AC8 UPDATE@F13WINDOWMANAGER
  407B34 TAKEWINDOWEVENT@F13WINDOWMANAGER
  407D90 TAKESELECTED@F13WINDOWMANAGER
  407DB0 TAKEREJECTED@F13WINDOWMANAGER
  407E08 TAKENOTIFY@F13WINDOWMANAGERlll
  407E40 TAKENEWSELECTION@F13WINDOWMANAGER
  407ED8 TAKEFIELDEVENT@F13WINDOWMANAGER
  407EF8 TAKEEVENT@F13WINDOWMANAGER
  4080F0 TAKECLOSEEVENT@F13WINDOWMANAGER
  4082F8 TAKECOMPLETED@F13WINDOWMANAGER
  40842C TAKEACCEPTED@F13WINDOWMANAGER
  408574 SETRESPONSE@F13WINDOWMANAGERUc
  4085E4 SETALERTS@F13WINDOWMANAGER
  4086CC SAVEHISTORY@F13WINDOWMANAGER
  4087A8 RUN@F13WINDOWMANAGERUsUc
  4087DC RUN@F13WINDOWMANAGER
  40883C RESTOREFIELD@F13WINDOWMANAGERl
  408950 RESETBUFFERS@F13WINDOWMANAGERUc
  4089D0 RESET@F13WINDOWMANAGERUc
  408A98 PRIMEUPDATE@F13WINDOWMANAGER
  408C58 PRIMEFIELDS@F13WINDOWMANAGER
  408C78 POSTCOMPLETED@F13WINDOWMANAGER
  408D3C OPEN@F13WINDOWMANAGERBwBw
  408DB0 OPEN@F13WINDOWMANAGER
  408E10 MODALEVENT@F13WINDOWMANAGER
  408F40 KILL@F13WINDOWMANAGER
  40910C INIT@F13WINDOWMANAGER
  4091C4 ASK@F13WINDOWMANAGER
  409244 ADDITEM@F13WINDOWMANAGER15WINDOWCOMPONENT
  4092C4 ADDITEM@F13WINDOWMANAGER12TOOLBARCLASS
  409300 DISABLECANCELCONTROLS@F13WINDOWMANAGER
  409380 ENABLECANCELCONTROLS@F13WINDOWMANAGER
  409400 DESTRUCT@F15CRITICALSECTION
  409434 CONSTRUCT@F15CRITICALSECTION
  409464 KILL@F17CRITICALPROCEDURE
  4094AC INIT@F17CRITICALPROCEDURE11ISYNCOBJECT
  4094F8 DESTRUCT@F17CRITICALPROCEDURE
  409520 CONSTRUCT@F17CRITICALPROCEDURE
  409808 MAIN@F
  409C80 GERACHAVE002$GERA_CRIPTO_VALIDADE
  40AA74 GERACHAVE002$GERA_CRIPTOECF
  40B85C GERACHAVE002$GERA_CHAVE_TEF
  40C684 GERACHAVE002$GERA_CHAVE_NFE
  40D4AC GERACHAVE002$W:GERACHAVE@F
  40D5C0 GERACHAVE002$GERA_CHAVE
  40E3F0 GERACHAVE_BC0$GERACHAVE_BC0:FILESINIT@F
  40E408 GERACHAVE_BC0$GERACHAVE_BC0:DCTKILL@F
  40E420 GERACHAVE_BC0$GERACHAVE_BC0:DCTINIT@F
  40E438 DCTKILL@F
  40E454 DCTINIT@F
  40E474 _main
  40E528 DESTRUCT@F10DICTIONARY
  40E54C CONSTRUCT@F10DICTIONARY
  40E960 __thr_inst0
  40F000 $DEFAULTERRORS
  410294 TYPE$COLORMAP
  4102C0 TCB$COLORMAP
  410578 STDERRORFILE$TYPE$RECORD
  410590 $STDERRORFILE
  41060C TYPE$PNQ
  41062C TYPE$DEFAULTERRORS
  41088C TYPE$HISTHANDLERCLASS
  4108D4 VMT$HISTHANDLERCLASS
  410904 TYPE$MSGBOXCLASS
  410B7C VMT$MSGBOXCLASS
  410C04 TYPE$ERRORCLASS
  410E60 VMT$ERRORCLASS
  410EAC TYPE$STANDARDERRORLOGCLASS
  410EE4 VMT$STANDARDERRORLOGCLASS
  410EFC TYPE$ERRORSTATUSCLASS
  410FF0 VMT$ERRORSTATUSCLASS
  411008 TYPE$UNTHREADEDFILEOPENERMAP
  41102C TCB$UNTHREADEDFILEOPENERMAP
  41103C TYPE$FILESMANAGER
  411080 VMT$FILESMANAGER
  41108C TYPE$FILEMAPPING_T
  4110B8 TYPE$FILEMAPPING_R
  4110E8 TYPE$STATUSQ_T
  411150 TYPE$FUZZYCLASS
  4111F8 VMT$FUZZYCLASS
  411218 TYPE$TOOLBARTARGETQUEUE
  411234 TYPE$TOOLBARCLASS
  41124C VMT$TOOLBARCLASS
  411334 TYPE$INICLASS
  41137C VMT$INICLASS
  41141C TYPE$BUTTONLIST
  411440 TYPE$COMPONENTLIST
  41145C TYPE$CRITICALSECTION
  411474 VMT$CRITICALSECTION
  411480 TYPE$CRITICALPROCEDURE
  411498 VMT$CRITICALPROCEDURE
  411AA0 TYPE$DICTIONARY
  411AB0 VMT$DICTIONARY
  411D6C VMTP$DICTIONARY
  411D84 VMTP$FILESMANAGER
  411D8C VMTP$INICLASS
  411D94 VMTP$TOOLBARCLASS
  411D9C VMTP$HISTHANDLERCLASS
  411DA4 VMTP$MSGBOXCLASS
  411DAC VMTP$ERRORCLASS
  411DB4 VMTP$STANDARDERRORLOGCLASS
  411DBC VMTP$ERRORSTATUSCLASS
  411DC4 VMTP$FUZZYCLASS
  411DCC VMTP$CRITICALSECTION
  411DD4 VMTP$CRITICALPROCEDURE
  411DE0 $FUZZYMATCHER
  413404 $COLORMAP
  41343C $MULTIWINDOW
  413440 $TXTWINDOW
  413444 $WINDOW
  413448 STDERRORFILE$RECORD
  413848 $UNTHREADEDFILEOPENERMAP
  413850 $CREATEOPENERCRIT
  413960 $GLOBALERRORS
  413994 $INIMGR
  4140B0 $GLOBALERRORSTATUS
  4153D4 $GLOBALREQUEST
  4153D8 $GLOBALRESPONSE
  4153DC $VCRREQUEST
  4153E0 $DICTIONARY
  4153E4 $FILESMANAGER
  4153FC $SZDBTEXTLOG
  416000 __import_section_start
  416EE8 __import_section_end

Imports
3DESV02.dll:Function_3Des 41605C,401000
3DESV02.dll:Function_Des 416060,401008
ClaASC.dll:ASCII 416070
ClaRUN.dll:Cla$ACCEPTED 416284,401010
ClaRUN.dll:Cla$ADDqueue 416288
ClaRUN.dll:Cla$AssertFailed 41628C
ClaRUN.dll:Cla$AssertFailedM 416290
ClaRUN.dll:Cla$AssignRefUfo 416294
ClaRUN.dll:Cla$BEEP 416298,401018
ClaRUN.dll:Cla$CLEAR 41629C
ClaRUN.dll:Cla$clearstr 4162A0
ClaRUN.dll:Cla$CLOCK 4162A4,401020
ClaRUN.dll:Cla$CLOSEwindow 4162A8,401028
ClaRUN.dll:Cla$code 4162AC
ClaRUN.dll:Cla$comparestr 4162B0
ClaRUN.dll:Cla$DecAdd 4162B4
ClaRUN.dll:Cla$DecDistinct 4162B8
ClaRUN.dll:Cla$DecDistinctR 4162BC
ClaRUN.dll:Cla$DecDivide 4162C0
ClaRUN.dll:Cla$DELETEqueue 4162C4,401030
ClaRUN.dll:Cla$DELETEREG 4162C8,401038
ClaRUN.dll:Cla$DInt 4162CC
ClaRUN.dll:Cla$DISABLE 4162D0,401040
ClaRUN.dll:Cla$DISPLAY 4162D4,401048
ClaRUN.dll:Cla$DISPOSEqueue 4162D8
ClaRUN.dll:Cla$DISPOSEref 4162DC
ClaRUN.dll:Cla$Dlongpower 4162E0
ClaRUN.dll:Cla$DPopLong 4162E4
ClaRUN.dll:Cla$DPopReal 4162E8
ClaRUN.dll:Cla$DPopUlong 4162EC
ClaRUN.dll:Cla$DPushLong 4162F0
ClaRUN.dll:Cla$ENABLE 4162F4,401050
ClaRUN.dll:Cla$EndEventLoop 4162F8
ClaRUN.dll:Cla$ERRORCODE 4162FC,401058
ClaRUN.dll:Cla$EVENT 416300,401060
ClaRUN.dll:Cla$FIELD 416304,401068
ClaRUN.dll:Cla$FILEERRORCODE 416308,401070
ClaRUN.dll:Cla$FILEERRORMSG 41630C,401078
ClaRUN.dll:Cla$FileExists 416310,401080
ClaRUN.dll:Cla$FILE_ADDf 416314
ClaRUN.dll:Cla$FILE_CLOSE 416318,401088
ClaRUN.dll:Cla$FILE_CREATE 41631C
ClaRUN.dll:CLA$FILE_DESTROY 416320
ClaRUN.dll:Cla$FILE_NAME 416324,401090
ClaRUN.dll:Cla$FILE_OPEN 416328,401098
ClaRUN.dll:Cla$FILE_POSITIONf 41632C,4010A0
ClaRUN.dll:Cla$FILE_POSITIONk 416330,4010A8
ClaRUN.dll:Cla$FILE_REGETf 416334,4010B0
ClaRUN.dll:Cla$FILE_REGETk 416338,4010B8
ClaRUN.dll:Cla$FOCUS 41633C,4010C0
ClaRUN.dll:Cla$FREEqueue 416340
ClaRUN.dll:Cla$FREEqueuea 416344,4010C8
ClaRUN.dll:Cla$freestr 416348
ClaRUN.dll:Cla$FreeUfo 41634C
ClaRUN.dll:Cla$freewindow 416350
ClaRUN.dll:Cla$GETINI 416354,4010D0
ClaRUN.dll:Cla$GetPropS 416358
ClaRUN.dll:Cla$GETqueuekey 41635C,4010D8
ClaRUN.dll:Cla$GETqueueptr 416360
ClaRUN.dll:Cla$GETREG 416364,4010E0
ClaRUN.dll:Cla$HALT 416368,4010E8
ClaRUN.dll:Cla$init 41636C
ClaRUN.dll:Cla$INSTANCE 416370,4010F0
ClaRUN.dll:Cla$KEYCODE 416374,4010F8
ClaRUN.dll:Cla$longtostr 416378
ClaRUN.dll:Cla$Mem2Ufo 41637C
ClaRUN.dll:Cla$MessageBox 416380,401100
ClaRUN.dll:Cla$NewMemB 416384
ClaRUN.dll:Cla$NewMemT 416388
ClaRUN.dll:Cla$NEWqueue 41638C
ClaRUN.dll:Cla$NOTIFICATION 416390,401108
ClaRUN.dll:Cla$OPENowned 416394,401110
ClaRUN.dll:Cla$OPENwindow 416398,401118
ClaRUN.dll:Cla$paopen 41639C,401120
ClaRUN.dll:Cla$POINTERqueue 4163A0,401128
ClaRUN.dll:Cla$PopAString 4163A4
ClaRUN.dll:Cla$PopBind 4163A8,401130
ClaRUN.dll:Cla$PopCString 4163AC
ClaRUN.dll:Cla$PopString 4163B0
ClaRUN.dll:Cla$PopTemp 4163B4
ClaRUN.dll:Cla$POST 4163B8,401138
ClaRUN.dll:Cla$PushAString 4163BC
ClaRUN.dll:Cla$PushBind 4163C0,401140
ClaRUN.dll:Cla$PushCString 4163C4
ClaRUN.dll:Cla$PushLong 4163C8
ClaRUN.dll:Cla$PushPictLong 4163CC
ClaRUN.dll:Cla$PushString 4163D0
ClaRUN.dll:Cla$PushUfo 4163D4
ClaRUN.dll:Cla$PUTINI 4163D8,401148
ClaRUN.dll:Cla$PUTqueue 4163DC
ClaRUN.dll:Cla$PUTREG 4163E0,401150
ClaRUN.dll:Cla$pwopen 4163E4,401158
ClaRUN.dll:Cla$RECORDSqueue 4163E8,401160
ClaRUN.dll:Cla$RefAssignAny 4163EC
ClaRUN.dll:Cla$SELECT 4163F0,401168
ClaRUN.dll:Cla$SETCURSOR 4163F4,401170
ClaRUN.dll:Cla$SETKEYCODE 4163F8,401178
ClaRUN.dll:Cla$SetPropS 4163FC
ClaRUN.dll:Cla$SetPropV 416400
ClaRUN.dll:Cla$Stack2DStack 416404
ClaRUN.dll:Cla$Stack2Ufo 416408
ClaRUN.dll:Cla$StackCLIP 41640C,401180
ClaRUN.dll:Cla$StackCompareN 416410
ClaRUN.dll:Cla$StackCompareNEQ 416414
ClaRUN.dll:Cla$StackConcat 416418
ClaRUN.dll:Cla$StackConcatR 41641C
ClaRUN.dll:Cla$StackErrstr 416420,401188
ClaRUN.dll:Cla$StackHeap 416424
ClaRUN.dll:Cla$StackINSTRING 416428,401190
ClaRUN.dll:Cla$StackLen 41642C,401198
ClaRUN.dll:Cla$StackRotate 416430
ClaRUN.dll:Cla$StackSUB 416434,4011A0
ClaRUN.dll:Cla$StackUPPER 416438,4011A8
ClaRUN.dll:Cla$START 41643C,4011B0
ClaRUN.dll:Cla$StartEventLoop 416440
ClaRUN.dll:Cla$storecstr 416444
ClaRUN.dll:Cla$storestr 416448
ClaRUN.dll:Cla$THREAD 41644C,4011B8
ClaRUN.dll:Cla$TODAY 416450,4011C0
ClaRUN.dll:Cla$UNHIDE 416454,4011C8
ClaRUN.dll:Cla$UNREGISTEREVENT 416458,4011D0
ClaRUN.dll:Cla$WHAT 41645C,4011D8
ClaRUN.dll:Cla$YIELD 416460,4011E0
ClaRUN.dll:NewCriticalSection 416464,4011E8
ClaRUN.dll:THR$GetInstance 416468,4011F0
ClaRUN.dll:_exit 41646C,4011F8
ClaRUN.dll:_free 416470
ClaRUN.dll:_malloc 416474
ClaRUN.dll:__a_chkstk 416478,401200
ClaRUN.dll:__e_index 41647C,401208
ClaRUN.dll:__e_stack 416480,401210
ClaRUN.dll:__sysinit 416484,401218
ClaRUN.dll:__sysstart 416488,401220



Entry Point:   40E578